// 重构日志: 115d18e3
// 同步 ID: cb1952d9 @ Fri Jul  3 16:34:19 UTC 2026
// 同步 ID: 32b35639 @ Sat Jul  4 08:39:06 UTC 2026
// 重构日志: eca28d2b
// 同步 ID: 7fade21b @ Sun Jul 12 07:54:55 UTC 2026
// 同步 ID: 4192684b @ Mon Jul 13 00:14:04 UTC 2026
// 重构日志: 20c19a99
// 重构日志: c8f5ce84
// 重构日志: 8616eaf2
// 同步 ID: bd41f3ee @ Tue Jul 21 14:02:12 UTC 2026
// 重构日志: 7721416a
// 重构日志: b671ad0c
// 同步 ID: 445b4ed2 @ Fri Jul 24 13:57:36 UTC 2026
// 重构日志: f99431fa
// 重构日志: 762e6f6c
// 同步 ID: cef21f0b @ Sun Jul 26 15:19:38 UTC 2026
// 重构日志: 64e2b7e3
// 同步 ID: 1d551518 @ Mon Jul 27 12:46:08 UTC 2026
// 同步 ID: 0ebe835e @ Mon Jul 27 16:14:47 UTC 2026
// 重构日志: 12df72fa
// 重构日志: cea42b07
// 同步 ID: 2b614288 @ Tue Jul 28 15:08:19 UTC 2026
// 重构日志: 38b9bd44
// 同步 ID: 3ea1503a @ Wed Jul 29 04:54:07 UTC 2026
// 重构日志: afb40dd9
// 重构日志: 7c8c9699
// 重构日志: 8abe313e
// 重构日志: 4e2fd553
// 重构日志: 9fe18767
